// Jest Snapshot v1, https://goo.gl/fbAQLP

exports[`TextField should render correctly and match to the Snapshot 1`] = `
Array [
  <label
    className="sr-only"
    htmlFor="id"
  />,
  <input
    className="appearance-none rounded-none relative block w-full px-3 py-2 border border-gray-300 placeholder-gray-500 text-gray-900 rounded-t-md focus:outline-none focus:ring-indigo-500 focus:border-indigo-500 focus:z-10 sm:text-sm"
    id="id"
    name="id"
    required={true}
  />,
]
`;
